==================================================
 [status] Vulcan Orchestrator status
==================================================
 project: Product TODO v0.4.8 Replay
 profile: product
 current_gate: gate4
 gate_status: pending

 branch
  current_branch: dev
  main_branch: main
  integration_branch: dev
  integration_exists: True
  dirty_blocking: True
  session_branch_role: integration

 implementation
  implemented: 0 / 0
  percent: 0
  waves: 1 / 1

 active_runs: 0
 active_waves: 0

 profile_gap
  target_profile: product
  docs: ok 6, partial 0, missing 0
  content: issues 0, warnings 0

 next_actions
  - python vulcan.py prepare-transition
  - python vulcan.py status --check
==================================================

[status --check] prepare-transition 상세 진단
==================================================
 [prepare-transition] Gate 전환 준비 진단
==================================================
 현재 Gate: gate4 (Gate 4 QA 검토)
 목표 Gate: gate5 (Gate 5 최종 승인)

[1] Traceability & 정합성 검사 (check-trace)

[check-trace] Product TODO v0.4.8 Replay - Gate 4 QA 검토

  Profile: product (docs/product 원장 기준으로 핵심 시나리오와 릴리즈 추적을 확인)
  Gate 진행 상태 검사: OK
  Product profile 검사: Product 문서 세트와 핵심 trace 연결 확인
  Product profile 검사: OK

이슈 0건 - Gate 완료 가능합니다.
  -> 결과: ✨ 0건의 이슈 발견 (통과)

[2] 현재 Gate 진행 중인 Run 검사
  -> 결과: ✨ 0건의 미완료 Run 발견 (통과)

[3] 현재 Gate worker Run preflight 사후 점검
  -> 결과: ✨ preflight 차단/경고 없음 (통과)

[4] 산출물 내용 완성도 검사
  -> 결과: ✨ 산출물 완성도 차단/경고 없음 (통과)

[5] Gate 전환 필수 요구사항 검사
  -> 결과: ✨ 필수 요구사항 충족 (통과)

--------------------------------------------------
진단 결과: ✨ [전환 준비 완료]
다음 단계로의 전환이 가능합니다! 아래 명령어를 실행하여 완료 처리를 하십시오:

  python vulcan.py session --gate gate4 --status done --approved --approval-evidence "<승인 근거>"
==================================================
